2026-08-21 20:53:35.296 [background-preinit] INFO  [] o.h.validator.internal.util.Version - HV000001: Hibernate Validator 6.2.5.Final
2026-08-21 20:53:35.295 [main] INFO  [] c.g.FlashTidyMallProjectApplication - Starting FlashTidyMallProjectApplication using Java 1.8.0_492 on DESKTOP-PJGE1ML with PID 38760 (D:\hhw-mall-project\Flash_Tidy-mall-project\target\classes started by huanghaiwei in D:\hhw-mall-project)
2026-08-21 20:53:35.303 [main] INFO  [] c.g.FlashTidyMallProjectApplication - No active profile set, falling back to 1 default profile: "default"
2026-08-21 20:53:36.930 [main] INFO  [] o.s.d.r.c.RepositoryConfigurationDelegate - Multiple Spring Data modules found, entering strict repository configuration mode
2026-08-21 20:53:36.933 [main] INFO  [] o.s.d.r.c.RepositoryConfigurationDelegate - Bootstrapping Spring Data Elasticsearch repositories in DEFAULT mode.
2026-08-21 20:53:36.964 [main] INFO  [] o.s.d.r.c.RepositoryConfigurationDelegate - Finished Spring Data repository scanning in 26 ms. Found 0 Elasticsearch repository interfaces.
2026-08-21 20:53:36.967 [main] INFO  [] o.s.d.r.c.RepositoryConfigurationDelegate - Multiple Spring Data modules found, entering strict repository configuration mode
2026-08-21 20:53:36.968 [main] INFO  [] o.s.d.r.c.RepositoryConfigurationDelegate - Bootstrapping Spring Data Reactive Elasticsearch repositories in DEFAULT mode.
2026-08-21 20:53:36.983 [main] INFO  [] o.s.d.r.c.RepositoryConfigurationDelegate - Finished Spring Data repository scanning in 16 ms. Found 0 Reactive Elasticsearch repository interfaces.
2026-08-21 20:53:36.994 [main] INFO  [] o.s.d.r.c.RepositoryConfigurationDelegate - Multiple Spring Data modules found, entering strict repository configuration mode
2026-08-21 20:53:36.995 [main] INFO  [] o.s.d.r.c.RepositoryConfigurationDelegate - Bootstrapping Spring Data Redis repositories in DEFAULT mode.
2026-08-21 20:53:37.016 [main] INFO  [] o.s.d.r.c.RepositoryConfigurationDelegate - Finished Spring Data repository scanning in 12 ms. Found 0 Redis repository interfaces.
2026-08-21 20:53:37.778 [main] INFO  [] o.s.b.w.e.tomcat.TomcatWebServer - Tomcat initialized with port(s): 8080 (http)
2026-08-21 20:53:37.788 [main] INFO  [] o.a.coyote.http11.Http11NioProtocol - Initializing ProtocolHandler ["http-nio-8080"]
2026-08-21 20:53:37.789 [main] INFO  [] o.a.catalina.core.StandardService - Starting service [Tomcat]
2026-08-21 20:53:37.789 [main] INFO  [] o.a.catalina.core.StandardEngine - Starting Servlet engine: [Apache Tomcat/9.0.83]
2026-08-21 20:53:37.978 [main] INFO  [] o.a.c.c.C.[Tomcat].[localhost].[/] - Initializing Spring embedded WebApplicationContext
2026-08-21 20:53:37.978 [main] INFO  [] o.s.b.w.s.c.ServletWebServerApplicationContext - Root WebApplicationContext: initialization completed in 2618 ms
2026-08-21 20:53:42.149 [main] WARN  [task-es-init-1787316820958] com.gdou.task.EsSyncTask - ES 初始化失败: java.util.concurrent.ExecutionException: java.net.ConnectException: Timeout connecting to [/192.168.147.131:9200]; nested exception is ElasticsearchException[java.util.concurrent.ExecutionException: java.net.ConnectException: Timeout connecting to [/192.168.147.131:9200]]; nested: ExecutionException[java.net.ConnectException: Timeout connecting to [/192.168.147.131:9200]]; nested: ConnectException[Timeout connecting to [/192.168.147.131:9200]];
2026-08-21 20:53:42.207 [main] INFO  [task-seckill-1787316822153] com.zaxxer.hikari.HikariDataSource - HikariPool-1 - Starting...
2026-08-21 20:53:42.491 [main] INFO  [task-seckill-1787316822153] com.zaxxer.hikari.HikariDataSource - HikariPool-1 - Start completed.
2026-08-21 20:53:54.940 [main] WARN  [] o.s.b.w.s.c.AnnotationConfigServletWebServerApplicationContext - Exception encountered during context initialization - cancelling refresh attempt: org.springframework.beans.factory.BeanCreationException: Error creating bean with name 'seckillTask': Invocation of init method failed; nested exception is org.springframework.data.redis.RedisConnectionFailureException: Unable to connect to Redis; nested exception is org.springframework.data.redis.connection.PoolException: Could not get a resource from the pool; nested exception is io.lettuce.core.RedisConnectionException: Unable to connect to 192.168.147.131:6379
2026-08-21 20:53:55.173 [main] INFO  [] com.zaxxer.hikari.HikariDataSource - HikariPool-1 - Shutdown initiated...
2026-08-21 20:53:55.188 [main] INFO  [] com.zaxxer.hikari.HikariDataSource - HikariPool-1 - Shutdown completed.
2026-08-21 20:53:55.191 [main] INFO  [] o.a.catalina.core.StandardService - Stopping service [Tomcat]
2026-08-21 20:53:55.205 [main] INFO  [] o.s.b.a.l.ConditionEvaluationReportLoggingListener - 

Error starting ApplicationContext. To display the conditions report re-run your application with 'debug' enabled.
2026-08-21 20:53:55.231 [main] ERROR [] o.s.boot.SpringApplication - Application run failed
org.springframework.beans.factory.BeanCreationException: Error creating bean with name 'seckillTask': Invocation of init method failed; nested exception is org.springframework.data.redis.RedisConnectionFailureException: Unable to connect to Redis; nested exception is org.springframework.data.redis.connection.PoolException: Could not get a resource from the pool; nested exception is io.lettuce.core.RedisConnectionException: Unable to connect to 192.168.147.131:6379
	at org.springframework.beans.factory.annotation.InitDestroyAnnotationBeanPostProcessor.postProcessBeforeInitialization(InitDestroyAnnotationBeanPostProcessor.java:160)
	at org.springframework.beans.factory.support.AbstractAutowireCapableBeanFactory.applyBeanPostProcessorsBeforeInitialization(AbstractAutowireCapableBeanFactory.java:440)
	at org.springframework.beans.factory.support.AbstractAutowireCapableBeanFactory.initializeBean(AbstractAutowireCapableBeanFactory.java:1796)
	at org.springframework.beans.factory.support.AbstractAutowireCapableBeanFactory.doCreateBean(AbstractAutowireCapableBeanFactory.java:620)
	at org.springframework.beans.factory.support.AbstractAutowireCapableBeanFactory.createBean(AbstractAutowireCapableBeanFactory.java:542)
	at org.springframework.beans.factory.support.AbstractBeanFactory.lambda$doGetBean$0(AbstractBeanFactory.java:335)
	at org.springframework.beans.factory.support.DefaultSingletonBeanRegistry.getSingleton(DefaultSingletonBeanRegistry.java:234)
	at org.springframework.beans.factory.support.AbstractBeanFactory.doGetBean(AbstractBeanFactory.java:333)
	at org.springframework.beans.factory.support.AbstractBeanFactory.getBean(AbstractBeanFactory.java:208)
	at org.springframework.beans.factory.support.DefaultListableBeanFactory.preInstantiateSingletons(DefaultListableBeanFactory.java:955)
	at org.springframework.context.support.AbstractApplicationContext.finishBeanFactoryInitialization(AbstractApplicationContext.java:929)
	at org.springframework.context.support.AbstractApplicationContext.refresh(AbstractApplicationContext.java:591)
	at org.springframework.boot.web.servlet.context.ServletWebServerApplicationContext.refresh(ServletWebServerApplicationContext.java:147)
	at org.springframework.boot.SpringApplication.refresh(SpringApplication.java:732)
	at org.springframework.boot.SpringApplication.refreshContext(SpringApplication.java:409)
	at org.springframework.boot.SpringApplication.run(SpringApplication.java:308)
	at org.springframework.boot.SpringApplication.run(SpringApplication.java:1300)
	at org.springframework.boot.SpringApplication.run(SpringApplication.java:1289)
	at com.gdou.FlashTidyMallProjectApplication.main(FlashTidyMallProjectApplication.java:16)
Caused by: org.springframework.data.redis.RedisConnectionFailureException: Unable to connect to Redis; nested exception is org.springframework.data.redis.connection.PoolException: Could not get a resource from the pool; nested exception is io.lettuce.core.RedisConnectionException: Unable to connect to 192.168.147.131:6379
	at org.springframework.data.redis.connection.lettuce.LettuceConnectionFactory$ExceptionTranslatingConnectionProvider.translateException(LettuceConnectionFactory.java:1689)
	at org.springframework.data.redis.connection.lettuce.LettuceConnectionFactory$ExceptionTranslatingConnectionProvider.getConnection(LettuceConnectionFactory.java:1597)
	at org.springframework.data.redis.connection.lettuce.LettuceConnectionFactory$SharedConnection.getNativeConnection(LettuceConnectionFactory.java:1383)
	at org.springframework.data.redis.connection.lettuce.LettuceConnectionFactory$SharedConnection.getConnection(LettuceConnectionFactory.java:1366)
	at org.springframework.data.redis.connection.lettuce.LettuceConnectionFactory.getSharedConnection(LettuceConnectionFactory.java:1093)
	at org.springframework.data.redis.connection.lettuce.LettuceConnectionFactory.getConnection(LettuceConnectionFactory.java:421)
	at org.springframework.data.redis.core.RedisConnectionUtils.fetchConnection(RedisConnectionUtils.java:193)
	at org.springframework.data.redis.core.RedisConnectionUtils.doGetConnection(RedisConnectionUtils.java:144)
	at org.springframework.data.redis.core.RedisConnectionUtils.getConnection(RedisConnectionUtils.java:105)
	at org.springframework.data.redis.core.RedisTemplate.execute(RedisTemplate.java:211)
	at org.springframework.data.redis.core.RedisTemplate.execute(RedisTemplate.java:191)
	at org.springframework.data.redis.core.AbstractOperations.execute(AbstractOperations.java:97)
	at org.springframework.data.redis.core.DefaultValueOperations.setIfAbsent(DefaultValueOperations.java:379)
	at com.gdou.task.SeckillTask.addSeckillStock(SeckillTask.java:58)
	at sun.reflect.NativeMethodAccessorImpl.invoke0(Native Method)
	at sun.reflect.NativeMethodAccessorImpl.invoke(NativeMethodAccessorImpl.java:62)
	at sun.reflect.DelegatingMethodAccessorImpl.invoke(DelegatingMethodAccessorImpl.java:43)
	at java.lang.reflect.Method.invoke(Method.java:498)
	at org.springframework.beans.factory.annotation.InitDestroyAnnotationBeanPostProcessor$LifecycleElement.invoke(InitDestroyAnnotationBeanPostProcessor.java:389)
	at org.springframework.beans.factory.annotation.InitDestroyAnnotationBeanPostProcessor$LifecycleMetadata.invokeInitMethods(InitDestroyAnnotationBeanPostProcessor.java:333)
	at org.springframework.beans.factory.annotation.InitDestroyAnnotationBeanPostProcessor.postProcessBeforeInitialization(InitDestroyAnnotationBeanPostProcessor.java:157)
	... 18 common frames omitted
Caused by: org.springframework.data.redis.connection.PoolException: Could not get a resource from the pool; nested exception is io.lettuce.core.RedisConnectionException: Unable to connect to 192.168.147.131:6379
	at org.springframework.data.redis.connection.lettuce.LettucePoolingConnectionProvider.getConnection(LettucePoolingConnectionProvider.java:109)
	at org.springframework.data.redis.connection.lettuce.LettuceConnectionFactory$ExceptionTranslatingConnectionProvider.getConnection(LettuceConnectionFactory.java:1595)
	... 37 common frames omitted
Caused by: io.lettuce.core.RedisConnectionException: Unable to connect to 192.168.147.131:6379
	at io.lettuce.core.RedisConnectionException.create(RedisConnectionException.java:78)
	at io.lettuce.core.RedisConnectionException.create(RedisConnectionException.java:56)
	at io.lettuce.core.AbstractRedisClient.getConnection(AbstractRedisClient.java:330)
	at io.lettuce.core.RedisClient.connect(RedisClient.java:216)
	at org.springframework.data.redis.connection.lettuce.StandaloneConnectionProvider.lambda$getConnection$1(StandaloneConnectionProvider.java:115)
	at java.util.Optional.orElseGet(Optional.java:267)
	at org.springframework.data.redis.connection.lettuce.StandaloneConnectionProvider.getConnection(StandaloneConnectionProvider.java:115)
	at org.springframework.data.redis.connection.lettuce.LettucePoolingConnectionProvider.lambda$null$0(LettucePoolingConnectionProvider.java:97)
	at io.lettuce.core.support.ConnectionPoolSupport$RedisPooledObjectFactory.create(ConnectionPoolSupport.java:211)
	at io.lettuce.core.support.ConnectionPoolSupport$RedisPooledObjectFactory.create(ConnectionPoolSupport.java:201)
	at org.apache.commons.pool2.BasePooledObjectFactory.makeObject(BasePooledObjectFactory.java:70)
	at org.apache.commons.pool2.impl.GenericObjectPool.create(GenericObjectPool.java:571)
	at org.apache.commons.pool2.impl.GenericObjectPool.borrowObject(GenericObjectPool.java:298)
	at org.apache.commons.pool2.impl.GenericObjectPool.borrowObject(GenericObjectPool.java:223)
	at io.lettuce.core.support.ConnectionPoolSupport$1.borrowObject(ConnectionPoolSupport.java:122)
	at io.lettuce.core.support.ConnectionPoolSupport$1.borrowObject(ConnectionPoolSupport.java:117)
	at org.springframework.data.redis.connection.lettuce.LettucePoolingConnectionProvider.getConnection(LettucePoolingConnectionProvider.java:103)
	... 38 common frames omitted
Caused by: java.nio.channels.ClosedChannelException: null
	at io.netty.channel.nio.AbstractNioChannel.doClose(AbstractNioChannel.java:502)
	at io.netty.channel.socket.nio.NioSocketChannel.doClose(NioSocketChannel.java:349)
	at io.netty.channel.AbstractChannel$AbstractUnsafe.doClose0(AbstractChannel.java:754)
	at io.netty.channel.AbstractChannel$AbstractUnsafe.close(AbstractChannel.java:731)
	at io.netty.channel.AbstractChannel$AbstractUnsafe.close(AbstractChannel.java:620)
	at io.netty.channel.DefaultChannelPipeline$HeadContext.close(DefaultChannelPipeline.java:1352)
	at io.netty.channel.AbstractChannelHandlerContext.invokeClose(AbstractChannelHandlerContext.java:749)
	at io.netty.channel.AbstractChannelHandlerContext.access$1200(AbstractChannelHandlerContext.java:61)
	at io.netty.channel.AbstractChannelHandlerContext$11.run(AbstractChannelHandlerContext.java:732)
	at io.netty.util.concurrent.AbstractEventExecutor.runTask(AbstractEventExecutor.java:173)
	at io.netty.util.concurrent.AbstractEventExecutor.safeExecute(AbstractEventExecutor.java:166)
	at io.netty.util.concurrent.SingleThreadEventExecutor.runAllTasks(SingleThreadEventExecutor.java:470)
	at io.netty.channel.nio.NioEventLoop.run(NioEventLoop.java:569)
	at io.netty.util.concurrent.SingleThreadEventExecutor$4.run(SingleThreadEventExecutor.java:997)
	at io.netty.util.internal.ThreadExecutorMap$2.run(ThreadExecutorMap.java:74)
	at io.netty.util.concurrent.FastThreadLocalRunnable.run(FastThreadLocalRunnable.java:30)
	at java.lang.Thread.run(Thread.java:750)
2026-08-21 20:56:28.236 [main] INFO  [] c.g.FlashTidyMallProjectApplication - Starting FlashTidyMallProjectApplication using Java 1.8.0_492 on DESKTOP-PJGE1ML with PID 30036 (D:\hhw-mall-project\Flash_Tidy-mall-project\target\classes started by huanghaiwei in D:\hhw-mall-project)
2026-08-21 20:56:28.239 [main] INFO  [] c.g.FlashTidyMallProjectApplication - No active profile set, falling back to 1 default profile: "default"
2026-08-21 20:56:28.239 [background-preinit] INFO  [] o.h.validator.internal.util.Version - HV000001: Hibernate Validator 6.2.5.Final
2026-08-21 20:56:30.302 [main] INFO  [] o.s.d.r.c.RepositoryConfigurationDelegate - Multiple Spring Data modules found, entering strict repository configuration mode
2026-08-21 20:56:30.306 [main] INFO  [] o.s.d.r.c.RepositoryConfigurationDelegate - Bootstrapping Spring Data Elasticsearch repositories in DEFAULT mode.
2026-08-21 20:56:30.342 [main] INFO  [] o.s.d.r.c.RepositoryConfigurationDelegate - Finished Spring Data repository scanning in 28 ms. Found 0 Elasticsearch repository interfaces.
2026-08-21 20:56:30.346 [main] INFO  [] o.s.d.r.c.RepositoryConfigurationDelegate - Multiple Spring Data modules found, entering strict repository configuration mode
2026-08-21 20:56:30.346 [main] INFO  [] o.s.d.r.c.RepositoryConfigurationDelegate - Bootstrapping Spring Data Reactive Elasticsearch repositories in DEFAULT mode.
2026-08-21 20:56:30.362 [main] INFO  [] o.s.d.r.c.RepositoryConfigurationDelegate - Finished Spring Data repository scanning in 14 ms. Found 0 Reactive Elasticsearch repository interfaces.
2026-08-21 20:56:30.373 [main] INFO  [] o.s.d.r.c.RepositoryConfigurationDelegate - Multiple Spring Data modules found, entering strict repository configuration mode
2026-08-21 20:56:30.374 [main] INFO  [] o.s.d.r.c.RepositoryConfigurationDelegate - Bootstrapping Spring Data Redis repositories in DEFAULT mode.
2026-08-21 20:56:30.396 [main] INFO  [] o.s.d.r.c.RepositoryConfigurationDelegate - Finished Spring Data repository scanning in 11 ms. Found 0 Redis repository interfaces.
2026-08-21 20:56:31.252 [main] INFO  [] o.s.b.w.e.tomcat.TomcatWebServer - Tomcat initialized with port(s): 8080 (http)
2026-08-21 20:56:31.263 [main] INFO  [] o.a.coyote.http11.Http11NioProtocol - Initializing ProtocolHandler ["http-nio-8080"]
2026-08-21 20:56:31.265 [main] INFO  [] o.a.catalina.core.StandardService - Starting service [Tomcat]
2026-08-21 20:56:31.265 [main] INFO  [] o.a.catalina.core.StandardEngine - Starting Servlet engine: [Apache Tomcat/9.0.83]
2026-08-21 20:56:31.463 [main] INFO  [] o.a.c.c.C.[Tomcat].[localhost].[/] - Initializing Spring embedded WebApplicationContext
2026-08-21 20:56:31.463 [main] INFO  [] o.s.b.w.s.c.ServletWebServerApplicationContext - Root WebApplicationContext: initialization completed in 3171 ms
2026-08-21 20:56:35.075 [I/O dispatcher 1] WARN  [] org.elasticsearch.client.RestClient - request [GET http://192.168.147.131:9200/] returned 1 warnings: [299 Elasticsearch-7.17.22-38e9ca2e81304a821c50862dafab089ca863944b "Elasticsearch built-in security features are not enabled. Without authentication, your cluster could be accessible to anyone. See https://www.elastic.co/guide/en/elasticsearch/reference/7.17/security-minimal-setup.html to enable security."]
2026-08-21 20:56:35.178 [main] WARN  [task-es-init-1787316994689] org.elasticsearch.client.RestClient - request [HEAD http://192.168.147.131:9200/spu] returned 1 warnings: [299 Elasticsearch-7.17.22-38e9ca2e81304a821c50862dafab089ca863944b "Elasticsearch built-in security features are not enabled. Without authentication, your cluster could be accessible to anyone. See https://www.elastic.co/guide/en/elasticsearch/reference/7.17/security-minimal-setup.html to enable security."]
2026-08-21 20:56:35.429 [main] WARN  [task-es-init-1787316994689] org.elasticsearch.client.RestClient - request [POST http://192.168.147.131:9200/spu/_search?typed_keys=true&max_concurrent_shard_requests=5&search_type=query_then_fetch&batched_reduce_size=512] returned 1 warnings: [299 Elasticsearch-7.17.22-38e9ca2e81304a821c50862dafab089ca863944b "Elasticsearch built-in security features are not enabled. Without authentication, your cluster could be accessible to anyone. See https://www.elastic.co/guide/en/elasticsearch/reference/7.17/security-minimal-setup.html to enable security."]
2026-08-21 20:56:35.438 [main] INFO  [task-es-init-1787316994689] com.gdou.task.EsSyncTask - 当前ES已有文档，跳过全量同步
2026-08-21 20:56:35.500 [main] INFO  [task-seckill-1787316995443] com.zaxxer.hikari.HikariDataSource - HikariPool-1 - Starting...
2026-08-21 20:56:35.818 [main] INFO  [task-seckill-1787316995443] com.zaxxer.hikari.HikariDataSource - HikariPool-1 - Start completed.
2026-08-21 20:56:38.445 [main] INFO  [task-seckill-1787316995443] com.gdou.task.SeckillTask - 秒杀预热 SKU=101，促销库存=120，时间 Sat Aug 01 00:00:00 CST 2026 ~ Mon Aug 31 23:59:59 CST 2026
2026-08-21 20:56:38.452 [main] INFO  [task-seckill-1787316995443] com.gdou.task.SeckillTask - 秒杀预热 SKU=102，促销库存=80，时间 Sat Aug 01 00:00:00 CST 2026 ~ Mon Aug 31 23:59:59 CST 2026
2026-08-21 20:56:38.460 [main] INFO  [task-seckill-1787316995443] com.gdou.task.SeckillTask - 秒杀预热 SKU=201，促销库存=300，时间 Sat Aug 01 00:00:00 CST 2026 ~ Mon Aug 31 23:59:59 CST 2026
2026-08-21 20:56:38.466 [main] INFO  [task-seckill-1787316995443] com.gdou.task.SeckillTask - 秒杀预热 SKU=301，促销库存=150，时间 Sat Aug 01 00:00:00 CST 2026 ~ Mon Aug 31 23:59:59 CST 2026
2026-08-21 20:56:38.472 [main] INFO  [task-seckill-1787316995443] com.gdou.task.SeckillTask - 秒杀预热 SKU=1101，促销库存=180，时间 Sat Aug 01 00:00:00 CST 2026 ~ Mon Aug 31 23:59:59 CST 2026
2026-08-21 20:56:38.477 [main] INFO  [task-seckill-1787316995443] com.gdou.task.SeckillTask - 秒杀预热 SKU=1301，促销库存=120，时间 Sat Aug 01 00:00:00 CST 2026 ~ Mon Aug 31 23:59:59 CST 2026
2026-08-21 20:56:38.482 [main] INFO  [task-seckill-1787316995443] com.gdou.task.SeckillTask - 秒杀预热 SKU=1701，促销库存=100，时间 Sat Aug 01 00:00:00 CST 2026 ~ Mon Aug 31 23:59:59 CST 2026
2026-08-21 20:56:38.490 [main] INFO  [task-seckill-1787316995443] com.gdou.task.SeckillTask - 秒杀预热 SKU=2101，促销库存=40，时间 Sat Aug 01 00:00:00 CST 2026 ~ Mon Aug 31 23:59:59 CST 2026
2026-08-21 20:56:38.494 [main] INFO  [task-seckill-1787316995443] com.gdou.task.SeckillTask - 秒杀预热 SKU=2501，促销库存=120，时间 Sat Aug 01 00:00:00 CST 2026 ~ Mon Aug 31 23:59:59 CST 2026
2026-08-21 20:56:38.499 [main] INFO  [task-seckill-1787316995443] com.gdou.task.SeckillTask - 秒杀预热 SKU=2801，促销库存=130，时间 Sat Aug 01 00:00:00 CST 2026 ~ Mon Aug 31 23:59:59 CST 2026
2026-08-21 20:56:38.505 [main] INFO  [task-seckill-1787316995443] com.gdou.task.SeckillTask - 秒杀预热 SKU=2901，促销库存=90，时间 Sat Aug 01 00:00:00 CST 2026 ~ Mon Aug 31 23:59:59 CST 2026
2026-08-21 20:56:39.222 [main] INFO  [] o.s.b.a.w.s.WelcomePageHandlerMapping - Adding welcome page: class path resource [static/index.html]
2026-08-21 20:56:39.746 [main] INFO  [] o.a.coyote.http11.Http11NioProtocol - Starting ProtocolHandler ["http-nio-8080"]
2026-08-21 20:56:39.765 [main] INFO  [] o.s.b.w.e.tomcat.TomcatWebServer - Tomcat started on port(s): 8080 (http) with context path ''
2026-08-21 20:56:39.859 [main] INFO  [] o.s.b.w.e.tomcat.TomcatWebServer - Tomcat initialized with port(s): 8081 (http)
2026-08-21 20:56:39.860 [main] INFO  [] o.a.coyote.http11.Http11NioProtocol - Initializing ProtocolHandler ["http-nio-8081"]
2026-08-21 20:56:39.860 [main] INFO  [] o.a.catalina.core.StandardService - Starting service [Tomcat]
2026-08-21 20:56:39.860 [main] INFO  [] o.a.catalina.core.StandardEngine - Starting Servlet engine: [Apache Tomcat/9.0.83]
2026-08-21 20:56:39.895 [main] INFO  [] o.a.c.c.C.[Tomcat-1].[localhost].[/] - Initializing Spring embedded WebApplicationContext
2026-08-21 20:56:39.896 [main] INFO  [] o.s.b.w.s.c.ServletWebServerApplicationContext - Root WebApplicationContext: initialization completed in 124 ms
2026-08-21 20:56:39.906 [main] INFO  [] o.s.b.a.e.web.EndpointLinksResolver - Exposing 3 endpoint(s) beneath base path '/actuator'
2026-08-21 20:56:39.946 [main] INFO  [] o.a.coyote.http11.Http11NioProtocol - Starting ProtocolHandler ["http-nio-8081"]
2026-08-21 20:56:39.950 [main] INFO  [] o.s.b.w.e.tomcat.TomcatWebServer - Tomcat started on port(s): 8081 (http) with context path ''
2026-08-21 20:56:40.378 [main] INFO  [] o.s.a.r.c.CachingConnectionFactory - Attempting to connect to: [192.168.147.131:5672]
2026-08-21 20:56:40.466 [main] INFO  [] o.s.a.r.c.CachingConnectionFactory - Created new connection: rabbitConnectionFactory#30c7be6f:0/SimpleConnection@3445ddf2 [delegate=amqp://guess@192.168.147.131:5672/, localPort= 55837]
2026-08-21 20:56:40.701 [main] INFO  [] c.g.FlashTidyMallProjectApplication - Started FlashTidyMallProjectApplication in 13.118 seconds (JVM running for 16.761)
2026-08-21 20:56:40.734 [scheduling-1] INFO  [task-seckill-1787317000719] com.gdou.task.SeckillTask - 秒杀预热 SKU=101，促销库存=120，时间 Sat Aug 01 00:00:00 CST 2026 ~ Mon Aug 31 23:59:59 CST 2026
2026-08-21 20:56:40.747 [scheduling-1] INFO  [task-seckill-1787317000719] com.gdou.task.SeckillTask - 秒杀预热 SKU=102，促销库存=80，时间 Sat Aug 01 00:00:00 CST 2026 ~ Mon Aug 31 23:59:59 CST 2026
2026-08-21 20:56:40.753 [scheduling-1] INFO  [task-seckill-1787317000719] com.gdou.task.SeckillTask - 秒杀预热 SKU=201，促销库存=300，时间 Sat Aug 01 00:00:00 CST 2026 ~ Mon Aug 31 23:59:59 CST 2026
2026-08-21 20:56:40.759 [scheduling-1] INFO  [task-seckill-1787317000719] com.gdou.task.SeckillTask - 秒杀预热 SKU=301，促销库存=150，时间 Sat Aug 01 00:00:00 CST 2026 ~ Mon Aug 31 23:59:59 CST 2026
2026-08-21 20:56:40.765 [scheduling-1] INFO  [task-seckill-1787317000719] com.gdou.task.SeckillTask - 秒杀预热 SKU=1101，促销库存=180，时间 Sat Aug 01 00:00:00 CST 2026 ~ Mon Aug 31 23:59:59 CST 2026
2026-08-21 20:56:40.771 [scheduling-1] INFO  [task-seckill-1787317000719] com.gdou.task.SeckillTask - 秒杀预热 SKU=1301，促销库存=120，时间 Sat Aug 01 00:00:00 CST 2026 ~ Mon Aug 31 23:59:59 CST 2026
2026-08-21 20:56:40.776 [scheduling-1] INFO  [task-seckill-1787317000719] com.gdou.task.SeckillTask - 秒杀预热 SKU=1701，促销库存=100，时间 Sat Aug 01 00:00:00 CST 2026 ~ Mon Aug 31 23:59:59 CST 2026
2026-08-21 20:56:40.781 [scheduling-1] INFO  [task-seckill-1787317000719] com.gdou.task.SeckillTask - 秒杀预热 SKU=2101，促销库存=40，时间 Sat Aug 01 00:00:00 CST 2026 ~ Mon Aug 31 23:59:59 CST 2026
2026-08-21 20:56:40.787 [scheduling-1] INFO  [task-seckill-1787317000719] com.gdou.task.SeckillTask - 秒杀预热 SKU=2501，促销库存=120，时间 Sat Aug 01 00:00:00 CST 2026 ~ Mon Aug 31 23:59:59 CST 2026
2026-08-21 20:56:40.792 [scheduling-1] INFO  [task-seckill-1787317000719] com.gdou.task.SeckillTask - 秒杀预热 SKU=2801，促销库存=130，时间 Sat Aug 01 00:00:00 CST 2026 ~ Mon Aug 31 23:59:59 CST 2026
2026-08-21 20:56:40.797 [scheduling-1] INFO  [task-seckill-1787317000719] com.gdou.task.SeckillTask - 秒杀预热 SKU=2901，促销库存=90，时间 Sat Aug 01 00:00:00 CST 2026 ~ Mon Aug 31 23:59:59 CST 2026
2026-08-21 20:56:41.250 [RMI TCP Connection(1)-192.168.147.1] WARN  [] org.elasticsearch.client.RestClient - request [GET http://192.168.147.131:9200/_cluster/health/] returned 1 warnings: [299 Elasticsearch-7.17.22-38e9ca2e81304a821c50862dafab089ca863944b "Elasticsearch built-in security features are not enabled. Without authentication, your cluster could be accessible to anyone. See https://www.elastic.co/guide/en/elasticsearch/reference/7.17/security-minimal-setup.html to enable security."]
2026-08-21 20:56:43.811 [http-nio-8081-exec-1] INFO  [] o.a.c.c.C.[Tomcat-1].[localhost].[/] - Initializing Spring DispatcherServlet 'dispatcherServlet'
2026-08-21 20:56:43.812 [http-nio-8081-exec-1] INFO  [] o.s.web.servlet.DispatcherServlet - Initializing Servlet 'dispatcherServlet'
2026-08-21 20:56:43.812 [http-nio-8081-exec-1] INFO  [] o.s.web.servlet.DispatcherServlet - Completed initialization in 0 ms
2026-08-21 20:56:45.919 [RMI TCP Connection(3)-192.168.147.1] INFO  [] o.a.c.c.C.[Tomcat].[localhost].[/] - Initializing Spring DispatcherServlet 'dispatcherServlet'
2026-08-21 20:56:45.920 [RMI TCP Connection(3)-192.168.147.1] INFO  [] o.s.web.servlet.DispatcherServlet - Initializing Servlet 'dispatcherServlet'
2026-08-21 20:56:45.921 [RMI TCP Connection(3)-192.168.147.1] INFO  [] o.s.web.servlet.DispatcherServlet - Completed initialization in 1 ms
2026-08-21 20:56:53.617 [http-nio-8080-exec-6] INFO  [392230c2b5044659] com.gdou.controller.GoodsController - 用户浏览商品：categoryId=null, keyword=null, page=1
2026-08-21 20:56:53.893 [http-nio-8080-exec-6] WARN  [392230c2b5044659] org.elasticsearch.client.RestClient - request [POST http://192.168.147.131:9200/spu/_search?typed_keys=true&max_concurrent_shard_requests=5&search_type=query_then_fetch&batched_reduce_size=512] returned 1 warnings: [299 Elasticsearch-7.17.22-38e9ca2e81304a821c50862dafab089ca863944b "Elasticsearch built-in security features are not enabled. Without authentication, your cluster could be accessible to anyone. See https://www.elastic.co/guide/en/elasticsearch/reference/7.17/security-minimal-setup.html to enable security."]
2026-08-21 20:57:10.572 [http-nio-8080-exec-10] WARN  [f315bb9eb6a1444d] com.gdou.inteceptor.JwtInterceptor - JWT 校验失败或已过期，拦截请求: /hhw/assistant/chat/stream
2026-08-21 20:57:19.819 [http-nio-8080-exec-3] WARN  [8d0f6557c7fd4216] com.gdou.inteceptor.JwtInterceptor - JWT 校验失败或已过期，拦截请求: /hhw/user/order/queryList
2026-08-21 20:57:22.220 [http-nio-8080-exec-8] INFO  [6d02faa5099b4c42] com.gdou.controller.GoodsController - 用户浏览商品：categoryId=null, keyword=null, page=1
2026-08-21 20:57:22.250 [http-nio-8080-exec-8] WARN  [6d02faa5099b4c42] org.elasticsearch.client.RestClient - request [POST http://192.168.147.131:9200/spu/_search?typed_keys=true&max_concurrent_shard_requests=5&search_type=query_then_fetch&batched_reduce_size=512] returned 1 warnings: [299 Elasticsearch-7.17.22-38e9ca2e81304a821c50862dafab089ca863944b "Elasticsearch built-in security features are not enabled. Without authentication, your cluster could be accessible to anyone. See https://www.elastic.co/guide/en/elasticsearch/reference/7.17/security-minimal-setup.html to enable security."]
2026-08-21 20:57:43.663 [ForkJoinPool.commonPool-worker-9] INFO  [] com.gdou.agent.Tools - [Agent工具] query_orders 收到参数: status=null, keyword=手机
2026-08-21 20:57:43.706 [ForkJoinPool.commonPool-worker-9] INFO  [] com.gdou.agent.Tools - [Agent工具] query_orders 提取订单卡片 0 张
2026-08-21 20:57:50.667 [ForkJoinPool.commonPool-worker-9] INFO  [] com.gdou.agent.Tools - [Agent工具] search_goods 收到参数: keyword=耳机, categoryId=null
2026-08-21 20:57:50.788 [ForkJoinPool.commonPool-worker-9] WARN  [] org.elasticsearch.client.RestClient - request [POST http://192.168.147.131:9200/spu/_search?typed_keys=true&max_concurrent_shard_requests=5&search_type=query_then_fetch&batched_reduce_size=512] returned 1 warnings: [299 Elasticsearch-7.17.22-38e9ca2e81304a821c50862dafab089ca863944b "Elasticsearch built-in security features are not enabled. Without authentication, your cluster could be accessible to anyone. See https://www.elastic.co/guide/en/elasticsearch/reference/7.17/security-minimal-setup.html to enable security."]
2026-08-21 20:58:36.567 [http-nio-8080-exec-5] INFO  [12218fcc544a4500] c.g.c.user.UserOrderController - 用户2正在查询所有订单
2026-08-21 20:58:36.759 [http-nio-8080-exec-5] INFO  [12218fcc544a4500] c.gdou.service.impl.OrderServiceImpl - 用户2订单共15条
2026-08-21 21:14:18.903 [org.springframework.amqp.rabbit.RabbitListenerEndpointContainer#0-4] INFO  [] o.s.a.r.l.SimpleMessageListenerContainer - Waiting for workers to finish.
2026-08-21 21:14:18.912 [org.springframework.amqp.rabbit.RabbitListenerEndpointContainer#1-4] INFO  [] o.s.a.r.l.SimpleMessageListenerContainer - Waiting for workers to finish.
2026-08-21 21:14:18.922 [org.springframework.amqp.rabbit.RabbitListenerEndpointContainer#2-4] INFO  [] o.s.a.r.l.SimpleMessageListenerContainer - Waiting for workers to finish.
2026-08-21 21:14:19.672 [org.springframework.amqp.rabbit.RabbitListenerEndpointContainer#0-4] INFO  [] o.s.a.r.l.SimpleMessageListenerContainer - Successfully waited for workers to finish.
2026-08-21 21:14:19.717 [org.springframework.amqp.rabbit.RabbitListenerEndpointContainer#2-4] INFO  [] o.s.a.r.l.SimpleMessageListenerContainer - Successfully waited for workers to finish.
2026-08-21 21:14:19.732 [org.springframework.amqp.rabbit.RabbitListenerEndpointContainer#1-4] INFO  [] o.s.a.r.l.SimpleMessageListenerContainer - Successfully waited for workers to finish.
2026-08-21 21:14:24.099 [SpringApplicationShutdownHook] INFO  [] com.zaxxer.hikari.HikariDataSource - HikariPool-1 - Shutdown initiated...
2026-08-21 21:14:24.122 [SpringApplicationShutdownHook] INFO  [] com.zaxxer.hikari.HikariDataSource - HikariPool-1 - Shutdown completed.
2026-08-21 21:19:18.469 [main] INFO  [] c.g.FlashTidyMallProjectApplication - Starting FlashTidyMallProjectApplication using Java 1.8.0_492 on DESKTOP-PJGE1ML with PID 7008 (D:\hhw-mall-project\Flash_Tidy-mall-project\target\classes started by huanghaiwei in D:\hhw-mall-project)
2026-08-21 21:19:18.469 [background-preinit] INFO  [] o.h.validator.internal.util.Version - HV000001: Hibernate Validator 6.2.5.Final
2026-08-21 21:19:18.471 [main] INFO  [] c.g.FlashTidyMallProjectApplication - No active profile set, falling back to 1 default profile: "default"
2026-08-21 21:19:20.023 [main] INFO  [] o.s.d.r.c.RepositoryConfigurationDelegate - Multiple Spring Data modules found, entering strict repository configuration mode
2026-08-21 21:19:20.026 [main] INFO  [] o.s.d.r.c.RepositoryConfigurationDelegate - Bootstrapping Spring Data Elasticsearch repositories in DEFAULT mode.
2026-08-21 21:19:20.058 [main] INFO  [] o.s.d.r.c.RepositoryConfigurationDelegate - Finished Spring Data repository scanning in 26 ms. Found 0 Elasticsearch repository interfaces.
2026-08-21 21:19:20.063 [main] INFO  [] o.s.d.r.c.RepositoryConfigurationDelegate - Multiple Spring Data modules found, entering strict repository configuration mode
2026-08-21 21:19:20.064 [main] INFO  [] o.s.d.r.c.RepositoryConfigurationDelegate - Bootstrapping Spring Data Reactive Elasticsearch repositories in DEFAULT mode.
2026-08-21 21:19:20.079 [main] INFO  [] o.s.d.r.c.RepositoryConfigurationDelegate - Finished Spring Data repository scanning in 15 ms. Found 0 Reactive Elasticsearch repository interfaces.
2026-08-21 21:19:20.087 [main] INFO  [] o.s.d.r.c.RepositoryConfigurationDelegate - Multiple Spring Data modules found, entering strict repository configuration mode
2026-08-21 21:19:20.088 [main] INFO  [] o.s.d.r.c.RepositoryConfigurationDelegate - Bootstrapping Spring Data Redis repositories in DEFAULT mode.
2026-08-21 21:19:20.109 [main] INFO  [] o.s.d.r.c.RepositoryConfigurationDelegate - Finished Spring Data repository scanning in 12 ms. Found 0 Redis repository interfaces.
2026-08-21 21:19:20.792 [main] INFO  [] o.s.b.w.e.tomcat.TomcatWebServer - Tomcat initialized with port(s): 8080 (http)
2026-08-21 21:19:20.801 [main] INFO  [] o.a.coyote.http11.Http11NioProtocol - Initializing ProtocolHandler ["http-nio-8080"]
2026-08-21 21:19:20.803 [main] INFO  [] o.a.catalina.core.StandardService - Starting service [Tomcat]
2026-08-21 21:19:20.803 [main] INFO  [] o.a.catalina.core.StandardEngine - Starting Servlet engine: [Apache Tomcat/9.0.83]
2026-08-21 21:19:20.970 [main] INFO  [] o.a.c.c.C.[Tomcat].[localhost].[/] - Initializing Spring embedded WebApplicationContext
2026-08-21 21:19:20.970 [main] INFO  [] o.s.b.w.s.c.ServletWebServerApplicationContext - Root WebApplicationContext: initialization completed in 2447 ms
2026-08-21 21:19:23.951 [I/O dispatcher 1] WARN  [] org.elasticsearch.client.RestClient - request [GET http://192.168.147.131:9200/] returned 1 warnings: [299 Elasticsearch-7.17.22-38e9ca2e81304a821c50862dafab089ca863944b "Elasticsearch built-in security features are not enabled. Without authentication, your cluster could be accessible to anyone. See https://www.elastic.co/guide/en/elasticsearch/reference/7.17/security-minimal-setup.html to enable security."]
2026-08-21 21:19:24.022 [main] WARN  [task-es-init-1787318363749] org.elasticsearch.client.RestClient - request [HEAD http://192.168.147.131:9200/spu] returned 1 warnings: [299 Elasticsearch-7.17.22-38e9ca2e81304a821c50862dafab089ca863944b "Elasticsearch built-in security features are not enabled. Without authentication, your cluster could be accessible to anyone. See https://www.elastic.co/guide/en/elasticsearch/reference/7.17/security-minimal-setup.html to enable security."]
2026-08-21 21:19:24.178 [main] WARN  [task-es-init-1787318363749] org.elasticsearch.client.RestClient - request [POST http://192.168.147.131:9200/spu/_search?typed_keys=true&max_concurrent_shard_requests=5&search_type=query_then_fetch&batched_reduce_size=512] returned 1 warnings: [299 Elasticsearch-7.17.22-38e9ca2e81304a821c50862dafab089ca863944b "Elasticsearch built-in security features are not enabled. Without authentication, your cluster could be accessible to anyone. See https://www.elastic.co/guide/en/elasticsearch/reference/7.17/security-minimal-setup.html to enable security."]
2026-08-21 21:19:24.185 [main] INFO  [task-es-init-1787318363749] com.gdou.task.EsSyncTask - 当前ES已有文档，跳过全量同步
2026-08-21 21:19:24.238 [main] INFO  [task-seckill-1787318364187] com.zaxxer.hikari.HikariDataSource - HikariPool-1 - Starting...
2026-08-21 21:19:24.462 [main] INFO  [task-seckill-1787318364187] com.zaxxer.hikari.HikariDataSource - HikariPool-1 - Start completed.
2026-08-21 21:19:27.024 [main] INFO  [task-seckill-1787318364187] com.gdou.task.SeckillTask - 秒杀预热 SKU=101，促销库存=120，时间 Sat Aug 01 00:00:00 CST 2026 ~ Mon Aug 31 23:59:59 CST 2026
2026-08-21 21:19:27.030 [main] INFO  [task-seckill-1787318364187] com.gdou.task.SeckillTask - 秒杀预热 SKU=102，促销库存=80，时间 Sat Aug 01 00:00:00 CST 2026 ~ Mon Aug 31 23:59:59 CST 2026
2026-08-21 21:19:27.034 [main] INFO  [task-seckill-1787318364187] com.gdou.task.SeckillTask - 秒杀预热 SKU=201，促销库存=300，时间 Sat Aug 01 00:00:00 CST 2026 ~ Mon Aug 31 23:59:59 CST 2026
2026-08-21 21:19:27.040 [main] INFO  [task-seckill-1787318364187] com.gdou.task.SeckillTask - 秒杀预热 SKU=301，促销库存=150，时间 Sat Aug 01 00:00:00 CST 2026 ~ Mon Aug 31 23:59:59 CST 2026
2026-08-21 21:19:27.047 [main] INFO  [task-seckill-1787318364187] com.gdou.task.SeckillTask - 秒杀预热 SKU=1101，促销库存=180，时间 Sat Aug 01 00:00:00 CST 2026 ~ Mon Aug 31 23:59:59 CST 2026
2026-08-21 21:19:27.052 [main] INFO  [task-seckill-1787318364187] com.gdou.task.SeckillTask - 秒杀预热 SKU=1301，促销库存=120，时间 Sat Aug 01 00:00:00 CST 2026 ~ Mon Aug 31 23:59:59 CST 2026
2026-08-21 21:19:27.056 [main] INFO  [task-seckill-1787318364187] com.gdou.task.SeckillTask - 秒杀预热 SKU=1701，促销库存=100，时间 Sat Aug 01 00:00:00 CST 2026 ~ Mon Aug 31 23:59:59 CST 2026
2026-08-21 21:19:27.064 [main] INFO  [task-seckill-1787318364187] com.gdou.task.SeckillTask - 秒杀预热 SKU=2101，促销库存=40，时间 Sat Aug 01 00:00:00 CST 2026 ~ Mon Aug 31 23:59:59 CST 2026
2026-08-21 21:19:27.070 [main] INFO  [task-seckill-1787318364187] com.gdou.task.SeckillTask - 秒杀预热 SKU=2501，促销库存=120，时间 Sat Aug 01 00:00:00 CST 2026 ~ Mon Aug 31 23:59:59 CST 2026
2026-08-21 21:19:27.074 [main] INFO  [task-seckill-1787318364187] com.gdou.task.SeckillTask - 秒杀预热 SKU=2801，促销库存=130，时间 Sat Aug 01 00:00:00 CST 2026 ~ Mon Aug 31 23:59:59 CST 2026
2026-08-21 21:19:27.077 [main] INFO  [task-seckill-1787318364187] com.gdou.task.SeckillTask - 秒杀预热 SKU=2901，促销库存=90，时间 Sat Aug 01 00:00:00 CST 2026 ~ Mon Aug 31 23:59:59 CST 2026
2026-08-21 21:19:27.706 [main] INFO  [] o.s.b.a.w.s.WelcomePageHandlerMapping - Adding welcome page: class path resource [static/index.html]
2026-08-21 21:19:28.109 [main] INFO  [] o.a.coyote.http11.Http11NioProtocol - Starting ProtocolHandler ["http-nio-8080"]
2026-08-21 21:19:28.121 [main] INFO  [] o.s.b.w.e.tomcat.TomcatWebServer - Tomcat started on port(s): 8080 (http) with context path ''
2026-08-21 21:19:28.217 [main] INFO  [] o.s.b.w.e.tomcat.TomcatWebServer - Tomcat initialized with port(s): 8081 (http)
2026-08-21 21:19:28.217 [main] INFO  [] o.a.coyote.http11.Http11NioProtocol - Initializing ProtocolHandler ["http-nio-8081"]
2026-08-21 21:19:28.217 [main] INFO  [] o.a.catalina.core.StandardService - Starting service [Tomcat]
2026-08-21 21:19:28.218 [main] INFO  [] o.a.catalina.core.StandardEngine - Starting Servlet engine: [Apache Tomcat/9.0.83]
2026-08-21 21:19:28.249 [main] INFO  [] o.a.c.c.C.[Tomcat-1].[localhost].[/] - Initializing Spring embedded WebApplicationContext
2026-08-21 21:19:28.249 [main] INFO  [] o.s.b.w.s.c.ServletWebServerApplicationContext - Root WebApplicationContext: initialization completed in 122 ms
2026-08-21 21:19:28.262 [main] INFO  [] o.s.b.a.e.web.EndpointLinksResolver - Exposing 3 endpoint(s) beneath base path '/actuator'
2026-08-21 21:19:28.299 [main] INFO  [] o.a.coyote.http11.Http11NioProtocol - Starting ProtocolHandler ["http-nio-8081"]
2026-08-21 21:19:28.302 [main] INFO  [] o.s.b.w.e.tomcat.TomcatWebServer - Tomcat started on port(s): 8081 (http) with context path ''
2026-08-21 21:19:28.729 [main] INFO  [] o.s.a.r.c.CachingConnectionFactory - Attempting to connect to: [192.168.147.131:5672]
2026-08-21 21:19:28.834 [http-nio-8081-exec-1] INFO  [] o.a.c.c.C.[Tomcat-1].[localhost].[/] - Initializing Spring DispatcherServlet 'dispatcherServlet'
2026-08-21 21:19:28.834 [http-nio-8081-exec-1] INFO  [] o.s.web.servlet.DispatcherServlet - Initializing Servlet 'dispatcherServlet'
2026-08-21 21:19:28.835 [http-nio-8081-exec-1] INFO  [] o.s.web.servlet.DispatcherServlet - Completed initialization in 0 ms
2026-08-21 21:19:28.851 [main] INFO  [] o.s.a.r.c.CachingConnectionFactory - Created new connection: rabbitConnectionFactory#36e409e0:0/SimpleConnection@372e972d [delegate=amqp://guess@192.168.147.131:5672/, localPort= 64460]
2026-08-21 21:19:29.076 [main] INFO  [] c.g.FlashTidyMallProjectApplication - Started FlashTidyMallProjectApplication in 11.151 seconds (JVM running for 14.381)
2026-08-21 21:19:29.099 [scheduling-1] INFO  [task-seckill-1787318369085] com.gdou.task.SeckillTask - 秒杀预热 SKU=101，促销库存=120，时间 Sat Aug 01 00:00:00 CST 2026 ~ Mon Aug 31 23:59:59 CST 2026
2026-08-21 21:19:29.104 [scheduling-1] INFO  [task-seckill-1787318369085] com.gdou.task.SeckillTask - 秒杀预热 SKU=102，促销库存=80，时间 Sat Aug 01 00:00:00 CST 2026 ~ Mon Aug 31 23:59:59 CST 2026
2026-08-21 21:19:29.108 [scheduling-1] INFO  [task-seckill-1787318369085] com.gdou.task.SeckillTask - 秒杀预热 SKU=201，促销库存=300，时间 Sat Aug 01 00:00:00 CST 2026 ~ Mon Aug 31 23:59:59 CST 2026
2026-08-21 21:19:29.112 [scheduling-1] INFO  [task-seckill-1787318369085] com.gdou.task.SeckillTask - 秒杀预热 SKU=301，促销库存=150，时间 Sat Aug 01 00:00:00 CST 2026 ~ Mon Aug 31 23:59:59 CST 2026
2026-08-21 21:19:29.116 [scheduling-1] INFO  [task-seckill-1787318369085] com.gdou.task.SeckillTask - 秒杀预热 SKU=1101，促销库存=180，时间 Sat Aug 01 00:00:00 CST 2026 ~ Mon Aug 31 23:59:59 CST 2026
2026-08-21 21:19:29.120 [scheduling-1] INFO  [task-seckill-1787318369085] com.gdou.task.SeckillTask - 秒杀预热 SKU=1301，促销库存=120，时间 Sat Aug 01 00:00:00 CST 2026 ~ Mon Aug 31 23:59:59 CST 2026
2026-08-21 21:19:29.123 [scheduling-1] INFO  [task-seckill-1787318369085] com.gdou.task.SeckillTask - 秒杀预热 SKU=1701，促销库存=100，时间 Sat Aug 01 00:00:00 CST 2026 ~ Mon Aug 31 23:59:59 CST 2026
2026-08-21 21:19:29.127 [scheduling-1] INFO  [task-seckill-1787318369085] com.gdou.task.SeckillTask - 秒杀预热 SKU=2101，促销库存=40，时间 Sat Aug 01 00:00:00 CST 2026 ~ Mon Aug 31 23:59:59 CST 2026
2026-08-21 21:19:29.130 [scheduling-1] INFO  [task-seckill-1787318369085] com.gdou.task.SeckillTask - 秒杀预热 SKU=2501，促销库存=120，时间 Sat Aug 01 00:00:00 CST 2026 ~ Mon Aug 31 23:59:59 CST 2026
2026-08-21 21:19:29.133 [scheduling-1] INFO  [task-seckill-1787318369085] com.gdou.task.SeckillTask - 秒杀预热 SKU=2801，促销库存=130，时间 Sat Aug 01 00:00:00 CST 2026 ~ Mon Aug 31 23:59:59 CST 2026
2026-08-21 21:19:29.139 [scheduling-1] INFO  [task-seckill-1787318369085] com.gdou.task.SeckillTask - 秒杀预热 SKU=2901，促销库存=90，时间 Sat Aug 01 00:00:00 CST 2026 ~ Mon Aug 31 23:59:59 CST 2026
2026-08-21 21:19:31.395 [RMI TCP Connection(2)-192.168.147.1] INFO  [] o.a.c.c.C.[Tomcat].[localhost].[/] - Initializing Spring DispatcherServlet 'dispatcherServlet'
2026-08-21 21:19:31.396 [RMI TCP Connection(2)-192.168.147.1] INFO  [] o.s.web.servlet.DispatcherServlet - Initializing Servlet 'dispatcherServlet'
2026-08-21 21:19:31.399 [RMI TCP Connection(2)-192.168.147.1] INFO  [] o.s.web.servlet.DispatcherServlet - Completed initialization in 3 ms
2026-08-21 21:19:31.456 [RMI TCP Connection(1)-192.168.147.1] WARN  [] org.elasticsearch.client.RestClient - request [GET http://192.168.147.131:9200/_cluster/health/] returned 1 warnings: [299 Elasticsearch-7.17.22-38e9ca2e81304a821c50862dafab089ca863944b "Elasticsearch built-in security features are not enabled. Without authentication, your cluster could be accessible to anyone. See https://www.elastic.co/guide/en/elasticsearch/reference/7.17/security-minimal-setup.html to enable security."]
2026-08-21 21:21:45.718 [http-nio-8080-exec-4] INFO  [7ad55085393a4a89] com.gdou.controller.GoodsController - 用户浏览商品：categoryId=null, keyword=null, page=1
2026-08-21 21:21:45.945 [http-nio-8080-exec-4] WARN  [7ad55085393a4a89] org.elasticsearch.client.RestClient - request [POST http://192.168.147.131:9200/spu/_search?typed_keys=true&max_concurrent_shard_requests=5&search_type=query_then_fetch&batched_reduce_size=512] returned 1 warnings: [299 Elasticsearch-7.17.22-38e9ca2e81304a821c50862dafab089ca863944b "Elasticsearch built-in security features are not enabled. Without authentication, your cluster could be accessible to anyone. See https://www.elastic.co/guide/en/elasticsearch/reference/7.17/security-minimal-setup.html to enable security."]
2026-08-21 21:22:03.822 [ForkJoinPool.commonPool-worker-9] INFO  [] com.gdou.agent.Tools - [Agent工具] query_orders 收到参数: status=null, keyword=null
2026-08-21 21:22:03.966 [ForkJoinPool.commonPool-worker-9] INFO  [] c.gdou.service.impl.OrderServiceImpl - 用户2订单共15条
2026-08-21 21:22:03.976 [ForkJoinPool.commonPool-worker-9] INFO  [] com.gdou.agent.Tools - [Agent工具] query_orders 提取订单卡片 15 张
